2026-07-19 03:16:50.332 [main] INFO  u.controller.TestUserController - Starting TestUserController using Java 17.0.16 with PID 5216 (started by vanyachemakin in /Users/vanyachemakin/Desktop/progects/user-service)
2026-07-19 03:16:50.333 [main] INFO  u.controller.TestUserController - No active profile set, falling back to 1 default profile: "default"
2026-07-19 03:16:50.614 [main] INFO  o.s.d.r.c.RepositoryConfigurationDelegate - Bootstrapping Spring Data JPA repositories in DEFAULT mode.
2026-07-19 03:16:50.633 [main] INFO  o.s.d.r.c.RepositoryConfigurationDelegate - Finished Spring Data repository scanning in 16 ms. Found 1 JPA repository interface.
2026-07-19 03:16:50.833 [main] INFO  o.s.b.w.e.tomcat.TomcatWebServer - Tomcat initialized with port 0 (http)
2026-07-19 03:16:50.838 [main] INFO  o.a.coyote.http11.Http11NioProtocol - Initializing ProtocolHandler ["http-nio-auto-1"]
2026-07-19 03:16:50.838 [main] INFO  o.a.catalina.core.StandardService - Starting service [Tomcat]
2026-07-19 03:16:50.838 [main] INFO  o.a.catalina.core.StandardEngine - Starting Servlet engine: [Apache Tomcat/10.1.20]
2026-07-19 03:16:50.872 [main] INFO  o.a.c.c.C.[Tomcat].[localhost].[/] - Initializing Spring embedded WebApplicationContext
2026-07-19 03:16:50.872 [main] INFO  o.s.b.w.s.c.ServletWebServerApplicationContext - Root WebApplicationContext: initialization completed in 534 ms
2026-07-19 03:16:51.045 [main] INFO  o.s.o.j.p.SpringPersistenceUnitInfo - No LoadTimeWeaver setup: ignoring JPA class transformer
2026-07-19 03:16:51.056 [main] INFO  com.zaxxer.hikari.HikariDataSource - HikariPool-1 - Starting...
2026-07-19 03:16:51.140 [main] INFO  com.zaxxer.hikari.pool.HikariPool - HikariPool-1 - Added connection org.postgresql.jdbc.PgConnection@47c356e
2026-07-19 03:16:51.141 [main] INFO  com.zaxxer.hikari.HikariDataSource - HikariPool-1 - Start completed.
2026-07-19 03:16:51.508 [main] INFO  o.s.o.j.LocalContainerEntityManagerFactoryBean - Initialized JPA EntityManagerFactory for persistence unit 'default'
2026-07-19 03:16:51.782 [main] INFO  o.a.c.c.C.[Tomcat].[localhost].[/] - Initializing Spring TestDispatcherServlet ''
2026-07-19 03:16:51.782 [main] INFO  o.s.t.w.s.TestDispatcherServlet - Initializing Servlet ''
2026-07-19 03:16:51.783 [main] INFO  o.s.t.w.s.TestDispatcherServlet - Completed initialization in 1 ms
2026-07-19 03:16:51.799 [main] INFO  o.a.coyote.http11.Http11NioProtocol - Starting ProtocolHandler ["http-nio-auto-1"]
2026-07-19 03:16:51.805 [main] INFO  o.s.b.w.e.tomcat.TomcatWebServer - Tomcat started on port 54231 (http) with context path ''
2026-07-19 03:16:51.810 [main] INFO  u.controller.TestUserController - Started TestUserController in 1.619 seconds (process running for 3.632)
2026-07-19 03:16:52.142 [main] INFO  userService.service.UserService - Поиск Пользователя с ID: 1...
2026-07-19 03:16:52.236 [main] INFO  userService.service.UserService - Сохранение Пользователя: Петр...
2026-07-19 03:16:52.256 [main] INFO  userService.service.UserService - Поиск Пользователя с ID: 999...
2026-07-19 03:16:52.264 [main] INFO  userService.service.UserService - Удаление Пользователя с ID: 3...
2026-07-19 03:16:52.266 [main] INFO  userService.service.UserService - Пользователь с ID: 3, успешно удален.
2026-07-19 03:16:52.311 [main] INFO  userService.service.UserService - Обновление данных Пользователя с ID: 4...
2026-07-19 03:16:52.312 [main] INFO  userService.service.UserService - Пользователь с ID: 4, успешно обновлен.
2026-07-19 03:16:52.331 [main] INFO  userService.service.UserService - Поиск всех Пользователей в БД...
2026-07-19 03:16:52.345 [main] INFO  userService.service.UserService - Сохранение Пользователя: Алексей...
2026-07-19 03:16:52.348 [main] INFO  userService.service.UserService - Пользователь: Алексей, успешно сохранен в БД
2026-07-19 03:16:52.585 [SpringApplicationShutdownHook] INFO  o.s.o.j.LocalContainerEntityManagerFactoryBean - Closing JPA EntityManagerFactory for persistence unit 'default'
2026-07-19 03:16:52.587 [SpringApplicationShutdownHook] INFO  com.zaxxer.hikari.HikariDataSource - HikariPool-1 - Shutdown initiated...
2026-07-19 03:16:52.589 [SpringApplicationShutdownHook] INFO  com.zaxxer.hikari.HikariDataSource - HikariPool-1 - Shutdown completed.
2026-07-21 23:47:13.935 [main] INFO  u.controller.TestUserController - Starting TestUserController using Java 17.0.16 with PID 23189 (started by vanyachemakin in /Users/vanyachemakin/Desktop/progects/user-service)
2026-07-21 23:47:13.936 [main] INFO  u.controller.TestUserController - No active profile set, falling back to 1 default profile: "default"
2026-07-21 23:47:14.162 [main] INFO  o.s.d.r.c.RepositoryConfigurationDelegate - Bootstrapping Spring Data JPA repositories in DEFAULT mode.
2026-07-21 23:47:14.187 [main] INFO  o.s.d.r.c.RepositoryConfigurationDelegate - Finished Spring Data repository scanning in 21 ms. Found 1 JPA repository interface.
2026-07-21 23:47:14.401 [main] INFO  o.s.b.w.e.tomcat.TomcatWebServer - Tomcat initialized with port 0 (http)
2026-07-21 23:47:14.406 [main] INFO  o.a.coyote.http11.Http11NioProtocol - Initializing ProtocolHandler ["http-nio-auto-1"]
2026-07-21 23:47:14.407 [main] INFO  o.a.catalina.core.StandardService - Starting service [Tomcat]
2026-07-21 23:47:14.407 [main] INFO  o.a.catalina.core.StandardEngine - Starting Servlet engine: [Apache Tomcat/10.1.20]
2026-07-21 23:47:14.434 [main] INFO  o.a.c.c.C.[Tomcat].[localhost].[/] - Initializing Spring embedded WebApplicationContext
2026-07-21 23:47:14.434 [main] INFO  o.s.b.w.s.c.ServletWebServerApplicationContext - Root WebApplicationContext: initialization completed in 492 ms
2026-07-21 23:47:14.607 [main] INFO  o.s.o.j.p.SpringPersistenceUnitInfo - No LoadTimeWeaver setup: ignoring JPA class transformer
2026-07-21 23:47:14.620 [main] INFO  com.zaxxer.hikari.HikariDataSource - HikariPool-1 - Starting...
2026-07-21 23:47:14.705 [main] INFO  com.zaxxer.hikari.pool.HikariPool - HikariPool-1 - Added connection org.postgresql.jdbc.PgConnection@41cf4272
2026-07-21 23:47:14.706 [main] INFO  com.zaxxer.hikari.HikariDataSource - HikariPool-1 - Start completed.
2026-07-21 23:47:15.049 [main] INFO  o.s.o.j.LocalContainerEntityManagerFactoryBean - Initialized JPA EntityManagerFactory for persistence unit 'default'
2026-07-21 23:47:15.289 [main] INFO  o.a.c.c.C.[Tomcat].[localhost].[/] - Initializing Spring TestDispatcherServlet ''
2026-07-21 23:47:15.289 [main] INFO  o.s.t.w.s.TestDispatcherServlet - Initializing Servlet ''
2026-07-21 23:47:15.290 [main] INFO  o.s.t.w.s.TestDispatcherServlet - Completed initialization in 1 ms
2026-07-21 23:47:15.304 [main] INFO  o.a.coyote.http11.Http11NioProtocol - Starting ProtocolHandler ["http-nio-auto-1"]
2026-07-21 23:47:15.309 [main] INFO  o.s.b.w.e.tomcat.TomcatWebServer - Tomcat started on port 54049 (http) with context path ''
2026-07-21 23:47:15.314 [main] INFO  u.controller.TestUserController - Started TestUserController in 1.524 seconds (process running for 3.611)
2026-07-21 23:47:15.628 [main] INFO  userService.service.UserService - Поиск Пользователя с ID: 1...
2026-07-21 23:47:15.705 [main] INFO  userService.service.UserService - Сохранение Пользователя: Петр...
2026-07-21 23:47:15.724 [main] INFO  userService.service.UserService - Поиск Пользователя с ID: 999...
2026-07-21 23:47:15.734 [main] INFO  userService.service.UserService - Удаление Пользователя с ID: 3...
2026-07-21 23:47:15.736 [main] INFO  userService.service.UserService - Пользователь с ID: 3, успешно удален.
2026-07-21 23:47:15.783 [main] INFO  userService.service.UserService - Обновление данных Пользователя с ID: 4...
2026-07-21 23:47:15.785 [main] INFO  userService.service.UserService - Пользователь с ID: 4, успешно обновлен.
2026-07-21 23:47:15.800 [main] INFO  userService.service.UserService - Поиск всех Пользователей в БД...
2026-07-21 23:47:15.813 [main] INFO  userService.service.UserService - Сохранение Пользователя: Алексей...
2026-07-21 23:47:15.815 [main] INFO  userService.service.UserService - Пользователь: Алексей, успешно сохранен в БД
2026-07-21 23:47:16.111 [main] INFO  userService.service.UserService - Сохранение Пользователя: Ivan...
2026-07-21 23:47:16.112 [main] INFO  userService.service.UserService - Пользователь: Ivan, успешно сохранен в БД
2026-07-21 23:47:16.116 [main] INFO  userService.service.UserService - Поиск всех Пользователей в БД...
2026-07-21 23:47:16.120 [main] INFO  userService.service.UserService - Обновление данных Пользователя с ID: 1...
2026-07-21 23:47:16.121 [main] INFO  userService.service.UserService - Пользователь с ID: 1, успешно обновлен.
2026-07-21 23:47:16.124 [main] INFO  userService.service.UserService - Сохранение Пользователя: Ivan...
2026-07-21 23:47:16.126 [main] INFO  userService.service.UserService - Обновление данных Пользователя с ID: 1...
2026-07-21 23:47:16.128 [main] INFO  userService.service.UserService - Поиск Пользователя с ID: 1...
2026-07-21 23:47:16.130 [main] INFO  userService.service.UserService - Удаление Пользователя с ID: 1...
2026-07-21 23:47:16.132 [main] INFO  userService.service.UserService - Поиск Пользователя с ID: 1...
2026-07-21 23:47:16.134 [main] INFO  userService.service.UserService - Удаление Пользователя с ID: 1...
2026-07-21 23:47:16.134 [main] INFO  userService.service.UserService - Пользователь с ID: 1, успешно удален.
2026-07-21 23:47:16.142 [SpringApplicationShutdownHook] INFO  o.s.o.j.LocalContainerEntityManagerFactoryBean - Closing JPA EntityManagerFactory for persistence unit 'default'
2026-07-21 23:47:16.143 [SpringApplicationShutdownHook] INFO  com.zaxxer.hikari.HikariDataSource - HikariPool-1 - Shutdown initiated...
2026-07-21 23:47:16.146 [SpringApplicationShutdownHook] INFO  com.zaxxer.hikari.HikariDataSource - HikariPool-1 - Shutdown completed.
2026-07-26 02:09:04.743 [main] INFO  u.controller.WebTestUserController - Starting WebTestUserController using Java 17.0.16 with PID 35312 (started by vanyachemakin in /Users/vanyachemakin/Desktop/progects/user-service)
2026-07-26 02:09:04.744 [main] INFO  u.controller.WebTestUserController - No active profile set, falling back to 1 default profile: "default"
2026-07-26 02:09:05.446 [main] INFO  o.s.b.t.m.w.SpringBootMockServletContext - Initializing Spring TestDispatcherServlet ''
2026-07-26 02:09:05.446 [main] INFO  o.s.t.w.s.TestDispatcherServlet - Initializing Servlet ''
2026-07-26 02:09:05.447 [main] INFO  o.s.t.w.s.TestDispatcherServlet - Completed initialization in 0 ms
2026-07-26 02:09:05.463 [main] INFO  u.controller.WebTestUserController - Started WebTestUserController in 0.87 seconds (process running for 1.359)
2026-07-26 02:09:05.607 [main] INFO  o.testcontainers.images.PullPolicy - Image pull policy will be performed by: DefaultPullPolicy()
2026-07-26 02:09:05.608 [main] INFO  o.t.utility.ImageNameSubstitutor - Image name substitution will be performed by: DefaultImageNameSubstitutor (composite of 'ConfigurationFileImageNameSubstitutor' and 'PrefixingImageNameSubstitutor')
2026-07-26 02:09:05.696 [main] INFO  o.t.d.DockerClientProviderStrategy - Loaded org.testcontainers.dockerclient.UnixSocketClientProviderStrategy from ~/.testcontainers.properties, will try it first
2026-07-26 02:09:05.814 [main] INFO  o.t.d.DockerClientProviderStrategy - Found Docker environment with local Unix socket (unix:///var/run/docker.sock)
2026-07-26 02:09:05.815 [main] INFO  o.testcontainers.DockerClientFactory - Docker host IP address is localhost
2026-07-26 02:09:05.826 [main] INFO  o.testcontainers.DockerClientFactory - Connected to docker: 
  Server Version: 28.4.0
  API Version: 1.51
  Operating System: Docker Desktop
  Total Memory: 7837 MB
2026-07-26 02:09:05.913 [main] INFO  tc.testcontainers/ryuk:0.6.0 - Creating container for image: testcontainers/ryuk:0.6.0
2026-07-26 02:09:06.039 [main] INFO  o.t.utility.RegistryAuthLocator - Credential helper/store (docker-credential-desktop) does not have credentials for https://index.docker.io/v1/
2026-07-26 02:09:06.127 [main] INFO  tc.testcontainers/ryuk:0.6.0 - Container testcontainers/ryuk:0.6.0 is starting: 85fbe45d14529f0ad1f68330ecf4ecbf194b3acb0ca39a347d6befe07a566162
2026-07-26 02:09:06.292 [main] INFO  tc.testcontainers/ryuk:0.6.0 - Container testcontainers/ryuk:0.6.0 started in PT0.379549S
2026-07-26 02:09:06.295 [main] INFO  o.t.utility.RyukResourceReaper - Ryuk started - will monitor and terminate Testcontainers containers on JVM exit
2026-07-26 02:09:06.295 [main] INFO  o.testcontainers.DockerClientFactory - Checking the system...
2026-07-26 02:09:06.295 [main] INFO  o.testcontainers.DockerClientFactory - ✔︎ Docker server version should be at least 1.6.0
2026-07-26 02:09:06.295 [main] INFO  tc.postgres:15-alpine - Creating container for image: postgres:15-alpine
2026-07-26 02:09:06.328 [main] INFO  tc.postgres:15-alpine - Container postgres:15-alpine is starting: 2de5f55c869aba14d4a6bf5190bde5bf506ab4538ab5a752615946ad7a3763db
2026-07-26 02:09:07.138 [main] INFO  tc.postgres:15-alpine - Container postgres:15-alpine started in PT0.842587S
2026-07-26 02:09:07.139 [main] INFO  tc.postgres:15-alpine - Container is started (JDBC URL: jdbc:postgresql://localhost:50245/test?loggerLevel=OFF)
2026-07-26 02:09:07.144 [main] INFO  o.s.t.c.s.AnnotationConfigContextLoaderUtils - Could not detect default configuration classes for test class [userService.controller.TestUserController]: TestUserController does not declare any static, non-private, non-final, nested classes annotated with @Configuration.
2026-07-26 02:09:07.155 [main] INFO  o.s.b.t.c.SpringBootTestContextBootstrapper - Found @SpringBootConfiguration userService.UserServiceApplication for test class userService.controller.TestUserController
2026-07-26 02:09:07.179 [main] INFO  u.controller.TestUserController - Starting TestUserController using Java 17.0.16 with PID 35312 (started by vanyachemakin in /Users/vanyachemakin/Desktop/progects/user-service)
2026-07-26 02:09:07.179 [main] INFO  u.controller.TestUserController - No active profile set, falling back to 1 default profile: "default"
2026-07-26 02:09:07.290 [main] INFO  o.s.d.r.c.RepositoryConfigurationDelegate - Bootstrapping Spring Data JPA repositories in DEFAULT mode.
2026-07-26 02:09:07.305 [main] INFO  o.s.d.r.c.RepositoryConfigurationDelegate - Finished Spring Data repository scanning in 11 ms. Found 1 JPA repository interface.
2026-07-26 02:09:07.469 [main] INFO  o.s.b.w.e.tomcat.TomcatWebServer - Tomcat initialized with port 0 (http)
2026-07-26 02:09:07.473 [main] INFO  o.a.coyote.http11.Http11NioProtocol - Initializing ProtocolHandler ["http-nio-auto-1"]
2026-07-26 02:09:07.474 [main] INFO  o.a.catalina.core.StandardService - Starting service [Tomcat]
2026-07-26 02:09:07.474 [main] INFO  o.a.catalina.core.StandardEngine - Starting Servlet engine: [Apache Tomcat/10.1.20]
2026-07-26 02:09:07.494 [main] INFO  o.a.c.c.C.[Tomcat].[localhost].[/] - Initializing Spring embedded WebApplicationContext
2026-07-26 02:09:07.494 [main] INFO  o.s.b.w.s.c.ServletWebServerApplicationContext - Root WebApplicationContext: initialization completed in 314 ms
2026-07-26 02:09:07.617 [main] INFO  o.s.o.j.p.SpringPersistenceUnitInfo - No LoadTimeWeaver setup: ignoring JPA class transformer
2026-07-26 02:09:07.627 [main] INFO  com.zaxxer.hikari.HikariDataSource - HikariPool-1 - Starting...
2026-07-26 02:09:07.707 [main] INFO  com.zaxxer.hikari.pool.HikariPool - HikariPool-1 - Added connection org.postgresql.jdbc.PgConnection@3eb29382
2026-07-26 02:09:07.708 [main] INFO  com.zaxxer.hikari.HikariDataSource - HikariPool-1 - Start completed.
2026-07-26 02:09:08.026 [main] INFO  o.s.o.j.LocalContainerEntityManagerFactoryBean - Initialized JPA EntityManagerFactory for persistence unit 'default'
2026-07-26 02:09:08.178 [main] INFO  o.a.c.c.C.[Tomcat].[localhost].[/] - Initializing Spring TestDispatcherServlet ''
2026-07-26 02:09:08.178 [main] INFO  o.s.t.w.s.TestDispatcherServlet - Initializing Servlet ''
2026-07-26 02:09:08.178 [main] INFO  o.s.t.w.s.TestDispatcherServlet - Completed initialization in 0 ms
2026-07-26 02:09:08.188 [main] INFO  o.a.coyote.http11.Http11NioProtocol - Starting ProtocolHandler ["http-nio-auto-1"]
2026-07-26 02:09:08.194 [main] INFO  o.s.b.w.e.tomcat.TomcatWebServer - Tomcat started on port 50259 (http) with context path ''
2026-07-26 02:09:08.197 [main] INFO  u.controller.TestUserController - Started TestUserController in 1.037 seconds (process running for 4.093)
2026-07-26 02:09:08.271 [main] INFO  userService.service.UserService - Поиск Пользователя с ID: 1...
2026-07-26 02:09:08.302 [main] INFO  userService.service.UserService - Сохранение Пользователя: Петр...
2026-07-26 02:09:08.319 [main] INFO  userService.service.UserService - Удаление Пользователя с ID: 3...
2026-07-26 02:09:08.321 [main] INFO  userService.service.UserService - Пользователь с ID: 3, успешно удален.
2026-07-26 02:09:08.351 [main] INFO  userService.service.UserService - Обновление данных Пользователя с ID: 4...
2026-07-26 02:09:08.352 [main] INFO  userService.service.UserService - Пользователь с ID: 4, успешно обновлен.
2026-07-26 02:09:08.367 [main] INFO  userService.service.UserService - Поиск всех Пользователей в БД...
2026-07-26 02:09:08.380 [main] INFO  userService.service.UserService - Сохранение Пользователя: Алексей...
2026-07-26 02:09:08.382 [main] INFO  userService.service.UserService - Пользователь: Алексей, успешно сохранен в БД
2026-07-26 02:09:08.659 [main] INFO  userService.service.UserService - Сохранение Пользователя: Ivan...
2026-07-26 02:09:08.660 [main] INFO  userService.service.UserService - Пользователь: Ivan, успешно сохранен в БД
2026-07-26 02:09:08.664 [main] INFO  userService.service.UserService - Поиск всех Пользователей в БД...
2026-07-26 02:09:08.668 [main] INFO  userService.service.UserService - Обновление данных Пользователя с ID: 1...
2026-07-26 02:09:08.668 [main] INFO  userService.service.UserService - Пользователь с ID: 1, успешно обновлен.
2026-07-26 02:09:08.672 [main] INFO  userService.service.UserService - Сохранение Пользователя: Ivan...
2026-07-26 02:09:08.675 [main] INFO  userService.service.UserService - Обновление данных Пользователя с ID: 1...
2026-07-26 02:09:08.677 [main] INFO  userService.service.UserService - Поиск Пользователя с ID: 1...
2026-07-26 02:09:08.679 [main] INFO  userService.service.UserService - Удаление Пользователя с ID: 1...
2026-07-26 02:09:08.682 [main] INFO  userService.service.UserService - Поиск Пользователя с ID: 1...
2026-07-26 02:09:08.684 [main] INFO  userService.service.UserService - Удаление Пользователя с ID: 1...
2026-07-26 02:09:08.684 [main] INFO  userService.service.UserService - Пользователь с ID: 1, успешно удален.
2026-07-26 02:09:08.692 [SpringApplicationShutdownHook] INFO  o.s.o.j.LocalContainerEntityManagerFactoryBean - Closing JPA EntityManagerFactory for persistence unit 'default'
2026-07-26 02:09:08.694 [SpringApplicationShutdownHook] INFO  com.zaxxer.hikari.HikariDataSource - HikariPool-1 - Shutdown initiated...
2026-07-26 02:09:08.697 [SpringApplicationShutdownHook] INFO  com.zaxxer.hikari.HikariDataSource - HikariPool-1 - Shutdown completed.
